Archive member included to satisfy reference by file (symbol)

./build/open_esplibs_libmain.a(user_interface.o)
                              (--whole-archive)
./build/open_esplibs_libmain.a(ets_timer.o)
                              (--whole-archive)
./build/open_esplibs_libmain.a(spi_flash.o)
                              (--whole-archive)
./build/open_esplibs_libmain.a(os_cpu_a.o)
                              (--whole-archive)
./build/open_esplibs_libmain.a(uart.o)
                              (--whole-archive)
./build/open_esplibs_libmain.a(misc.o)
                              (--whole-archive)
./build/open_esplibs_libmain.a(timers.o)
                              (--whole-archive)
./build/open_esplibs_libmain.a(xtensa_context.o)
                              (--whole-archive)
./build/open_esplibs_libnet80211.a(ieee80211_hostap.o)
                              (--whole-archive)
./build/open_esplibs_libnet80211.a(wl_cnx.o)
                              (--whole-archive)
./build/open_esplibs_libnet80211.a(ieee80211_ets.o)
                              (--whole-archive)
./build/open_esplibs_libnet80211.a(ieee80211_input.o)
                              (--whole-archive)
./build/open_esplibs_libnet80211.a(ieee80211_sta.o)
                              (--whole-archive)
./build/open_esplibs_libphy.a(phy_chip_v6.o)
                              (--whole-archive)
./build/open_esplibs_libphy.a(phy.o)
                              (--whole-archive)
./build/open_esplibs_libphy.a(phy_sleep.o)
                              (--whole-archive)
./build/open_esplibs_libpp.a(pm.o)
                              (--whole-archive)
./build/open_esplibs_libpp.a(if_hwctrl.o)
                              (--whole-archive)
./build/open_esplibs_libpp.a(pp.o)
                              (--whole-archive)
./build/open_esplibs_libpp.a(esf_buf.o)
                              (--whole-archive)
./build/open_esplibs_libpp.a(lmac.o)
                              (--whole-archive)
./build/open_esplibs_libpp.a(wdev.o)
                              (--whole-archive)
./build/open_esplibs_libwpa.a(os_xtensa.o)
                              (--whole-archive)
./build/open_esplibs_libwpa.a(wpa_main.o)
                              (--whole-archive)
./build/freertos.a(tasks.o)   ./build/open_esplibs_libmain.a(os_cpu_a.o) (pxCurrentTCB)
./build/freertos.a(timers.o)  ./build/freertos.a(tasks.o) (xTimerCreateTimerTask)
./build/freertos.a(port.o)    ./build/freertos.a(tasks.o) (vAssertCalled)
./build/freertos.a(queue.o)   ./build/freertos.a(timers.o) (xQueueGenericCreate)
./build/freertos.a(list.o)    ./build/freertos.a(tasks.o) (vListInitialise)
./build/lwip.a(esp_interface.o)
                              ./build/open_esplibs_libnet80211.a(ieee80211_input.o) (ethernetif_input)
./build/lwip.a(tcpip.o)       ./build/open_esplibs_libnet80211.a(ieee80211_hostap.o) (tcpip_input)
./build/lwip.a(mem.o)         ./build/lwip.a(tcpip.o) (mem_free)
./build/lwip.a(init.o)        ./build/lwip.a(tcpip.o) (lwip_init)
./build/lwip.a(memp.o)        ./build/lwip.a(init.o) (memp_init)
./build/lwip.a(tcp.o)         ./build/lwip.a(init.o) (tcp_init)
./build/lwip.a(dns.o)         ./build/lwip.a(init.o) (dns_init)
./build/lwip.a(timeouts.o)    ./build/lwip.a(tcp.o) (tcp_timer_needed)
./build/lwip.a(tcp_in.o)      ./build/lwip.a(tcp.o) (tcp_input_pcb)
./build/lwip.a(def.o)         ./build/lwip.a(esp_interface.o) (lwip_htons)
./build/lwip.a(netif.o)       ./build/lwip.a(init.o) (netif_init)
./build/lwip.a(pbuf.o)        ./build/open_esplibs_libnet80211.a(ieee80211_input.o) (pbuf_alloc_reference)
./build/lwip.a(udp.o)         ./build/lwip.a(init.o) (udp_init)
./build/lwip.a(tcp_out.o)     ./build/lwip.a(tcp.o) (tcp_enqueue_flags)
./build/lwip.a(ip4_frag.o)    ./build/lwip.a(timeouts.o) (ip_reass_tmr)
./build/lwip.a(dhcp.o)        ./build/lwip.a(netif.o) (dhcp_network_changed)
./build/lwip.a(etharp.o)      ./build/lwip.a(netif.o) (etharp_cleanup_netif)
./build/lwip.a(ip4_addr.o)    ./build/lwip.a(tcp_in.o) (ip4_addr_isbroadcast_u32)
./build/lwip.a(igmp.o)        ./build/lwip.a(init.o) (igmp_init)
./build/lwip.a(ip4.o)         ./build/lwip.a(tcp.o) (ip4_route)
./build/lwip.a(icmp.o)        ./build/lwip.a(ip4.o) (icmp_input)
./build/lwip.a(ethernet.o)    ./build/lwip.a(etharp.o) (ethbroadcast)
./build/lwip.a(sys_arch.o)    ./build/lwip.a(tcpip.o) (sys_mutex_new)
./build/lwip.a(inet_chksum.o)
                              ./build/lwip.a(tcp_in.o) (ip_chksum_pseudo)
./build/lwip.a(ip.o)          ./build/lwip.a(tcp_in.o) (ip_data)
./build/core.a(esp_interrupts.o)
                              ./build/open_esplibs_libmain.a(ets_timer.o) (_xt_isr_attach)
./build/core.a(app_main.o)    ./build/open_esplibs_libmain.a(user_interface.o) (sdk_user_init_flag)
./build/core.a(sdk_compat.o)  ./build/open_esplibs_libnet80211.a(ieee80211_hostap.o) (zalloc)
./build/core.a(sysparam.o)    ./build/core.a(app_main.o) (sysparam_init)
[...]
Memory Configuration

Name             Origin             Length             Attributes
dport0_0_seg     0x000000003ff00000 0x0000000000000010
dram0_0_seg      0x000000003ffe8000 0x0000000000014000
iram1_0_seg      0x0000000040100000 0x0000000000008000
irom0_0_seg      0x0000000040202010 0x00000000000fdff0
*default*        0x0000000000000000 0xffffffffffffffff

Linker script and memory map

LOAD ./build/open_esplibs_libmain.a
LOAD ./build/open_esplibs_libnet80211.a
LOAD ./build/open_esplibs_libphy.a
LOAD ./build/open_esplibs_libpp.a
LOAD ./build/open_esplibs_libwpa.a
START GROUP
LOAD ./build/program.a
LOAD ./build/dhcpserver.a
LOAD ./build/freertos.a
LOAD ./build/lwip.a
LOAD ./build/core.a
LOAD ./build/open_esplibs.a
LOAD ./build/libgcc.a
LOAD ./build/libc.a
LOAD /home/alex/dev/esp/esp-open-sdk/xtensa-lx106-elf/xtensa-lx106-elf/sysroot/usr/lib/libhal.a
LOAD ./build/sdklib/libmain.a
LOAD ./build/sdklib/libnet80211.a
LOAD ./build/sdklib/libphy.a
LOAD ./build/sdklib/libpp.a
LOAD ./build/sdklib/libwpa.a
END GROUP
                0x000000004010591c                pvPortMalloc = malloc
                0x0000000040105938                vPortFree = free
                0x0000000040100d7c                _lock_acquire = vPortEnterCritical
                0x0000000040100d7c                _lock_acquire_recursive = vPortEnterCritical
                0x0000000040100d7c                _lock_try_acquire = vPortEnterCritical
                0x0000000040100d7c                _lock_try_acquire_recursive = vPortEnterCritical
                0x0000000040100da4                _lock_release = vPortExitCritical
                0x0000000040100da4                _lock_release_recursive = vPortExitCritical
                0x0000000040105c5c                ets_printf = printf
                [!provide]                        PROVIDE (_memmap_vecbase_reset, 0x40000000)
                0x0000000000000110                _memmap_cacheattr_wb_base = 0x110
                0x0000000000000110                _memmap_cacheattr_wt_base = 0x110
                0x0000000000000220                _memmap_cacheattr_bp_base = 0x220
                0x00000000fffff00f                _memmap_cacheattr_unused_mask = 0xfffff00f
                0x000000002222211f                _memmap_cacheattr_wb_trapnull = 0x2222211f
                0x000000002222211f                _memmap_cacheattr_wba_trapnull = 0x2222211f
                0x000000002222211f                _memmap_cacheattr_wbna_trapnull = 0x2222211f
                0x000000002222211f                _memmap_cacheattr_wt_trapnull = 0x2222211f
                0x000000002222222f                _memmap_cacheattr_bp_trapnull = 0x2222222f
                0x00000000fffff11f                _memmap_cacheattr_wb_strict = 0xfffff11f
                0x00000000fffff11f                _memmap_cacheattr_wt_strict = 0xfffff11f
                0x00000000fffff22f                _memmap_cacheattr_bp_strict = 0xfffff22f
                0x0000000022222112                _memmap_cacheattr_wb_allvalid = 0x22222112
                0x0000000022222112                _memmap_cacheattr_wt_allvalid = 0x22222112
                0x0000000022222222                _memmap_cacheattr_bp_allvalid = 0x22222222
                [!provide]                        PROVIDE (_memmap_cacheattr_reset, _memmap_cacheattr_wb_trapnull)

.dport0.rodata  0x000000003ff00000        0x0
                0x000000003ff00000                _dport0_rodata_start = ABSOLUTE (.)
 *(.dport0.rodata)
 *(.dport.rodata)
                0x000000003ff00000                _dport0_rodata_end = ABSOLUTE (.)

.dport0.literal
                0x000000003ff00000        0x0
                0x000000003ff00000                _dport0_literal_start = ABSOLUTE (.)
 *(.dport0.literal)
 *(.dport.literal)
                0x000000003ff00000                _dport0_literal_end = ABSOLUTE (.)

.dport0.data    0x000000003ff00000        0x0
                0x000000003ff00000                _dport0_data_start = ABSOLUTE (.)
 *(.dport0.data)
 *(.dport.data)
                0x000000003ff00000                _dport0_data_end = ABSOLUTE (.)

.text           0x0000000040100000     0x6aee
                0x0000000040100000                _stext = .
                0x0000000040100000                _text_start = ABSOLUTE (.)
                0x0000000040100000                . = ALIGN (0x10)
 *(.vecbase.text)
 .vecbase.text  0x0000000040100000      0x3b2 ./build/core.a(exception_vectors.o)
                0x0000000040100000                VecBase
                0x000000004010023c                call_user_start
                0x000000004010039e                _xt_user_exit
 *(.entry.text)
 *(.init.literal)
 *(.init)
 *(.iram1.*)
 *fill*         0x00000000401003b2        0x2 
 .iram1.text    0x00000000401003b4      0x1d9 ./build/open_esplibs_libmain.a(user_interface.o)
                                        0x1e8 (size before relaxing)
                0x00000000401003b8                sdk_system_rtc_mem_write
                0x000000004010041c                sdk_system_rtc_mem_read
                0x000000004010049c                sdk_system_restart_in_nmi
 *fill*         0x000000004010058d        0x3 
 .iram1.text    0x0000000040100590       0x4b ./build/open_esplibs_libmain.a(ets_timer.o)
                                         0x4f (size before relaxing)
 *fill*         0x00000000401005db        0x1 
 .iram1.text    0x00000000401005dc      0x39c ./build/open_esplibs_libmain.a(spi_flash.o)
                                        0x478 (size before relaxing)
                0x0000000040100600                sdk_SPIReadModeCnfig
                0x0000000040100680                sdk_SPIWrite
                0x0000000040100740                sdk_SPIRead
                0x0000000040100770                sdk_SPIEraseSector
                0x00000000401007c8                sdk_spi_flash_get_id
                0x0000000040100824                sdk_spi_flash_read_status
                0x0000000040100864                sdk_spi_flash_write_status
                0x00000000401008a0                sdk_spi_flash_erase_sector
                0x00000000401008d4                sdk_spi_flash_write
                0x0000000040100924                sdk_spi_flash_read
 .iram1.text    0x0000000040100978      0x129 ./build/open_esplibs_libmain.a(os_cpu_a.o)
                                        0x175 (size before relaxing)
                0x0000000040100978                vPortYield
                0x00000000401009b0                sdk__xt_int_enter
                0x00000000401009c8                sdk__xt_int_exit
                0x00000000401009f8                sdk__xt_timer_int
                0x0000000040100a34                sdk__xt_timer_int1
                0x0000000040100a48                sdk__xt_tick_timer_init
                0x0000000040100a74                sdk__xt_isr_unmask
                0x0000000040100a84                sdk__xt_isr_mask
                0x0000000040100a94                sdk__xt_read_ints
                0x0000000040100a9c                sdk__xt_clear_ints
 *fill*         0x0000000040100aa1        0x3 
 .iram1.text    0x0000000040100aa4        0xb ./build/open_esplibs_libmain.a(misc.o)
                0x0000000040100aa8                sdk_os_get_cpu_frequency
 *fill*         0x0000000040100aaf        0x1 
 .iram1.text    0x0000000040100ab0      0x1c2 ./build/open_esplibs_libnet80211.a(ieee80211_hostap.o)
                                        0x1d6 (size before relaxing)
 *fill*         0x0000000040100c72        0x2 
 .iram1.text    0x0000000040100c74       0x59 ./build/open_esplibs_libnet80211.a(ieee80211_input.o)
                0x0000000040100c80                sdk_ieee80211_deliver_data
 *fill*         0x0000000040100ccd        0x3 
 .iram1.text    0x0000000040100cd0       0x5c ./build/open_esplibs_libwpa.a(os_xtensa.o)
                                         0x68 (size before relaxing)
                0x0000000040100cd0                sdk_os_get_time
                0x0000000040100cd4                sdk_os_random
                0x0000000040100ce4                sdk_os_get_random
 .iram1.text    0x0000000040100d2c       0xdb ./build/freertos.a(port.o)
                                        0x103 (size before relaxing)
                0x0000000040100d34                SV_ISR
                0x0000000040100d7c                vPortEnterCritical
                0x0000000040100da4                vPortExitCritical
                0x0000000040100dd0                PendSV
 *fill*         0x0000000040100e07        0x1 
 .iram1.text    0x0000000040100e08       0xaa ./build/core.a(esp_interrupts.o)
                                         0xae (size before relaxing)
                0x0000000040100e0c                _xt_isr_attach
                0x0000000040100e20                _xt_isr_handler
 *fill*         0x0000000040100eb2        0x2 
 .iram1.text    0x0000000040100eb4      0x2e7 ./build/core.a(app_main.o)
                                        0x32f (size before relaxing)
                0x0000000040100edc                vApplicationStackOverflowHook
                0x0000000040100f08                vApplicationIdleHook
                0x0000000040100f2c                vApplicationTickHook
                0x0000000040100fa0                sdk_user_start
 *fill*         0x000000004010119b        0x1 
 .iram1.text    0x000000004010119c       0x1b ./build/core.a(sdk_compat.o)
                0x00000000401011a0                zalloc
 *fill*         0x00000000401011b7        0x1 
 .iram1.text    0x00000000401011b8        0xe ./build/core.a(esp_hwrand.o)
                                         0x12 (size before relaxing)
                0x00000000401011b8                hwrand
 *fill*         0x00000000401011c6        0x2 
 .iram1.text    0x00000000401011c8       0xa0 ./build/core.a(debug_dumps.o)
                                         0xb8 (size before relaxing)
                0x0000000040101228                debug_exception_handler
                0x0000000040101228                fatal_exception_handler
                0x0000000040101248                abort
 .iram1.text    0x0000000040101268       0x67 ./build/core.a(spiflash-cache-enable.o)
                                         0x7b (size before relaxing)
                0x0000000040101278                Cache_Read_Enable
 *fill*         0x00000000401012cf        0x1 
 .iram1.text    0x00000000401012d0      0x36b ./build/core.a(spiflash.o)
                                        0x41b (size before relaxing)
                0x00000000401013f4                spiflash_write
                0x00000000401014d0                spiflash_read
                0x00000000401015c8                spiflash_erase_sector
 *fill*         0x000000004010163b        0x1 
 .iram1.text    0x000000004010163c       0x7c ./build/core.a(esp_gpio.o)
                0x0000000040101644                gpio_interrupt_handler
 .iram1.text    0x00000000401016b8       0x34 ./build/core.a(newlib_syscalls.o)
                0x00000000401016c4                _sbrk_r
 .iram1.text    0x00000000401016ec       0x26 ./build/core.a(esp_iomux.o)
                0x00000000401016f0                gpio_to_iomux
                0x0000000040101704                iomux_to_gpio
 *fill*         0x0000000040101712        0x0 
 *fill*         0x0000000040101712        0x0 
 *fill*         0x0000000040101712        0x0 
 *fill*         0x0000000040101712        0x2 
 .iram1.text    0x0000000040101714       0x3d ./build/open_esplibs_libmain.a(xtensa_context.o)
                0x0000000040101714                sdk__xt_context_save
                0x0000000040101730                sdk__xt_context_restore
 *fill*         0x0000000040101751        0x0 
 *fill*         0x0000000040101751        0x0 
 *fill*         0x0000000040101751        0x0 
 *fill*         0x0000000040101751        0x0 
 *fill*         0x0000000040101751        0x0 
 *fill*         0x0000000040101751        0x0 
 *fill*         0x0000000040101751        0x0 
 *fill*         0x0000000040101751        0x3 
 .iram1.data    0x0000000040101754        0x4 ./build/core.a(debug_dumps.o)
 *fill*         0x0000000040101758        0x0 
 *fill*         0x0000000040101758        0x0 
 *fill*         0x0000000040101758        0x0 
 .iram1.data    0x0000000040101758       0x80 ./build/core.a(esp_iomux.o)
 *sdklib*:*(.literal .text .literal.* .text.*)
 .text          0x00000000401017d8        0xb ./build/sdklib/libnet80211.a(wl_chm.o)
                0x00000000401017dc                sdk_chm_get_current_channel
 *fill*         0x00000000401017e3        0x1 
 .text          0x00000000401017e4       0x4f ./build/sdklib/libphy.a(phy.o)
                                         0x53 (size before relaxing)
                0x00000000401017ec                sdk_register_phy_ops
                0x000000004010180c                sdk_phy_change_channel
                0x0000000040101828                sdk_phy_get_mactime
 *fill*         0x0000000040101833        0x1 
 .text          0x0000000040101834       0xf7 ./build/sdklib/libphy.a(phy_sleep.o)
                                        0x103 (size before relaxing)
                0x0000000040101844                sdk_pm_rtc_clock_cali
                0x0000000040101900                sdk_clockgate_watchdog
 *fill*         0x000000004010192b        0x1 
 .text          0x000000004010192c       0x94 ./build/sdklib/libpp.a(esf_buf.o)
                                         0xb4 (size before relaxing)
                0x0000000040101930                sdk_esf_rx_buf_alloc
 .text          0x00000000401019c0     0x14e0 ./build/sdklib/libpp.a(lmac.o)
                                       0x187c (size before relaxing)
                0x00000000401019c4                sdk_lmacIsActive
                0x00000000401019d8                sdk_lmacIsIdle
                0x0000000040101e20                sdk_lmacSetAcParam
                0x0000000040101ebc                sdk_lmacProcessTXStartData
                0x0000000040102064                sdk_lmacProcessTxSuccess
                0x00000000401021ac                sdk_GetAccess
                0x00000000401021b8                sdk_lmacDiscardAgedMSDU
                0x00000000401021cc                sdk_lmacRecycleMPDU
                0x00000000401026ac                sdk_lmacProcessCollisions
                0x0000000040102708                sdk_lmacProcessCollision
                0x000000004010278c                sdk_lmacMSDUAged
                0x0000000040102b10                sdk_lmacProcessCtsTimeout
                0x0000000040102b58                sdk_lmacProcessAckTimeout
                0x0000000040102bac                sdk_lmacProcessRtsStart
                0x0000000040102bb8                sdk_lmacProcessTxRtsError
                0x0000000040102c50                sdk_lmacProcessTxError
                0x0000000040102cd4                sdk_lmacTxFrame
                0x0000000040102e88                sdk_lmacRxDone
 .text          0x0000000040102ea0      0xe70 ./build/sdklib/libpp.a(pp.o)
                                       0x103c (size before relaxing)
                0x0000000040102ed0                sdk_pp_soft_wdt_feed
                0x0000000040102fe4                sdk_ppProcessTxQ
                0x00000000401030d4                sdk_ppFetchTxQFirstAvail
                0x0000000040103114                sdk_ppDequeueTxQ
                0x000000004010313c                sdk_ppRollBackTxQ
                0x0000000040103160                sdk_ppRecordBarRRC
                0x0000000040103170                sdk_ppTxqUpdateBitmap
                0x0000000040103194                sdk_ppEnqueueTxDone
                0x00000000401031c8                sdk_ppEnqueueRxq
                0x0000000040103990                sdk_ppDiscardMPDU
                0x00000000401039c4                sdk_MacIsrSigPostDefHdl
                0x0000000040103ab8                sdk_pp_post
                0x0000000040103bbc                sdk_ppCalTxop
                0x0000000040103ca0                sdk_ppCalFrameTimes
 .text          0x0000000040103d10       0xf5 ./build/sdklib/libpp.a(rate_control.o)
                                        0x109 (size before relaxing)
                0x0000000040103d30                sdk_RC_GetAckRate
                0x0000000040103d3c                sdk_RC_GetRtsRate
                0x0000000040103d4c                sdk_RC_GetAckTime
                0x0000000040103d60                sdk_RC_GetCtsTime
                0x0000000040103d98                sdk_RC_GetBlockAckTime
 *fill*         0x0000000040103e05        0x3 
 .text          0x0000000040103e08      0x7f9 ./build/sdklib/libpp.a(trc.o)
                                        0x81d (size before relaxing)
                0x0000000040103f80                sdk_rcUpdateTxDone
                0x0000000040104014                sdk_rcUpdateRxDone
                0x0000000040104070                sdk_rcUpdateDataRxDone
                0x0000000040104088                sdk_rcGetSched
                0x0000000040104130                sdk_rcGetRate
                0x0000000040104534                sdk_rcReachRetryLimit
                0x000000004010454c                sdk_trc_NeedRTS
 *fill*         0x0000000040104601        0x3 
 .text          0x0000000040104604     0x1163 ./build/sdklib/libpp.a(wdev.o)
                                       0x1473 (size before relaxing)
                0x0000000040104958                sdk_wDev_MacTimSetFunc
                0x0000000040104978                sdk_wDev_MacTimArm
                0x0000000040104a1c                sdk_wDev_MacTim1Arm
                0x0000000040104af8                sdk_wDev_ProcessFiq
                0x0000000040104e9c                sdk_wDev_EnableTransmit
                0x0000000040104ee0                sdk_wDev_DisableTransmit
                0x0000000040104f00                sdk_Tx_Copy2Queue
                0x0000000040104f48                sdk_wDev_ProcessCollision
                0x0000000040104f6c                sdk_wDev_GetTxqCollisions
                0x0000000040104f7c                sdk_wDev_ClearTxqCollisions
                0x0000000040104f94                sdk_wDev_SetWaitingQueue
                0x0000000040104fe0                sdk_wDev_ClearWaitingQueue
                0x0000000040105000                sdk_wDev_SetFrameAckType
                0x0000000040105064                sdk_wDev_AppendRxBlocks
                0x000000004010520c                sdk_wDev_AppendRxAmpduLensBlocks
                0x0000000040105344                sdk_wDev_GetBAInfo
 *fill*         0x0000000040105767        0x1 
 .text          0x0000000040105768       0x25 ./build/sdklib/libnet80211.a(ieee80211_hostap.o)
 *fill*         0x000000004010578d        0x0 
 *fill*         0x000000004010578d        0x0 
 *fill*         0x000000004010578d        0x3 
 .text          0x0000000040105790        0x2 ./build/sdklib/libphy.a(phy_chip_v6.o)
                0x0000000040105790                sdk_ram_tx_mac_disable
 *fill*         0x0000000040105792        0x0 
 *fill*         0x0000000040105792        0x0 
 *fill*         0x0000000040105792        0x0 
 *fill*         0x0000000040105792        0x0 
 *fill*         0x0000000040105792        0x2 
 .text          0x0000000040105794       0x11 ./build/sdklib/libwpa.a(wpa_auth.o)
 *libgcc.a:*i3.o(.literal .text .literal.* .text.*)
 *fill*         0x00000000401057a5        0x3 
 .text          0x00000000401057a8       0x49 ./build/libgcc.a(_modsi3.o)
                0x00000000401057a8                __modsi3
 *fill*         0x00000000401057f1        0x3 
 .text          0x00000000401057f4       0x4c ./build/libgcc.a(_udivsi3.o)
                0x00000000401057f4                __udivsi3
 .text          0x0000000040105840       0x18 ./build/libgcc.a(_ashrdi3.o)
                0x0000000040105840                __ashrdi3
 *libc.a:*malloc.o(.literal .text .literal.* .text.*)
 .literal       0x0000000040105858        0x4 ./build/libc.a(lib_a-malloc.o)
                                         0x10 (size before relaxing)
 .literal       0x000000004010585c        0x8 ./build/libc.a(lib_a-nano-mallocr.o)
                                         0x20 (size before relaxing)
 .literal       0x0000000040105864        0x0 ./build/libc.a(lib_a-nano-freer.o)
                                          0xc (size before relaxing)
 .literal       0x0000000040105864       0x28 ./build/libc.a(lib_a-rand.o)
                                         0x58 (size before relaxing)
 .literal       0x000000004010588c        0x4 ./build/libc.a(lib_a-mlock.o)
                                         0x10 (size before relaxing)
 .literal       0x0000000040105890        0x0 ./build/libc.a(lib_a-printf.o)
                                         0x14 (size before relaxing)
 .literal       0x0000000040105890        0x0 ./build/libc.a(lib_a-sprintf.o)
                                         0x14 (size before relaxing)
 .literal       0x0000000040105890        0x0 ./build/libc.a(lib_a-fprintf.o)
                                          0xc (size before relaxing)
 .literal       0x0000000040105890       0x24 ./build/libc.a(lib_a-nano-svfprintf.o)
                                         0x54 (size before relaxing)
 .literal       0x00000000401058b4       0x28 ./build/libc.a(lib_a-nano-vfprintf.o)
                                         0x60 (size before relaxing)
 .literal       0x00000000401058dc       0x38 ./build/libc.a(lib_a-findfp.o)
                                         0x80 (size before relaxing)
 .literal       0x0000000040105914        0x8 ./build/libc.a(lib_a-fputwc.o)
                                         0x2c (size before relaxing)
 .text          0x000000004010591c       0x35 ./build/libc.a(lib_a-malloc.o)
                0x000000004010591c                malloc
                0x0000000040105938                free
 *libc.a:*mallocr.o(.literal .text .literal.* .text.*)
 *fill*         0x0000000040105951        0x3 
 .text          0x0000000040105954       0xed ./build/libc.a(lib_a-nano-mallocr.o)
                                         0xf1 (size before relaxing)
                0x0000000040105954                _malloc_r
 *fill*         0x0000000040105a41        0x0 
 *libc.a:*freer.o(.literal .text .literal.* .text.*)
 *fill*         0x0000000040105a41        0x3 
 .text          0x0000000040105a44       0xb1 ./build/libc.a(lib_a-nano-freer.o)
                0x0000000040105a44                _free_r
 *fill*         0x0000000040105af5        0x0 
 *libc.a:*memcpy.o(.literal .text .literal.* .text.*)
 *libc.a:*memset.o(.literal .text .literal.* .text.*)
 *libc.a:*memcmp.o(.literal .text .literal.* .text.*)
 *libc.a:*memmove.o(.literal .text .literal.* .text.*)
 *libc.a:*rand.o(.literal .text .literal.* .text.*)
 *fill*         0x0000000040105af5        0x3 
 .text          0x0000000040105af8       0xdd ./build/libc.a(lib_a-rand.o)
                                         0xe1 (size before relaxing)
                0x0000000040105af8                srand
                0x0000000040105b5c                rand
 *fill*         0x0000000040105bd5        0x0 
 *libc.a:*bzero.o(.literal .text .literal.* .text.*)
 *libc.a:*lock.o(.literal .text .literal.* .text.*)
 *fill*         0x0000000040105bd5        0x3 
 .text          0x0000000040105bd8       0x2d ./build/libc.a(lib_a-mlock.o)
                0x0000000040105bd8                __malloc_lock
                0x0000000040105bf0                __malloc_unlock
 *fill*         0x0000000040105c05        0x3 
 .text          0x0000000040105c08        0x8 ./build/libc.a(lock.o)
                0x0000000040105c08                _lock_close_recursive
                0x0000000040105c08                __dummy_lock
                0x0000000040105c08                _lock_init_recursive
                0x0000000040105c08                _lock_close
                0x0000000040105c08                _lock_init
                0x0000000040105c0c                __dummy_lock_try
 *libc.a:*printf.o(.literal .text .literal.* .text.*)
 .text          0x0000000040105c10       0x99 ./build/libc.a(lib_a-printf.o)
                0x0000000040105c10                _printf_r
                0x0000000040105c10                _iprintf_r
                0x0000000040105c5c                printf
                0x0000000040105c5c                iprintf
 *fill*         0x0000000040105ca9        0x3 
 .text          0x0000000040105cac       0xb5 ./build/libc.a(lib_a-sprintf.o)
                                         0xb9 (size before relaxing)
                0x0000000040105cac                _siprintf_r
                0x0000000040105cac                _sprintf_r
                0x0000000040105d04                sprintf
                0x0000000040105d04                siprintf
 *fill*         0x0000000040105d61        0x3 
 .text          0x0000000040105d64       0x57 ./build/libc.a(lib_a-fprintf.o)
                                         0x5b (size before relaxing)
                0x0000000040105d64                _fprintf_r
                0x0000000040105d64                _fiprintf_r
                0x0000000040105d88                fprintf
                0x0000000040105d88                fiprintf
 *fill*         0x0000000040105dbb        0x1 
 .text          0x0000000040105dbc      0x4b5 ./build/libc.a(lib_a-nano-svfprintf.o)
                0x0000000040105dbc                __ssputs_r
                0x0000000040105eb8                __ssprint_r
                0x0000000040105fec                _svfprintf_r
                0x0000000040105fec                _svfiprintf_r
 *fill*         0x0000000040106271        0x3 
 .text          0x0000000040106274      0x447 ./build/libc.a(lib_a-nano-vfprintf.o)
                                        0x44b (size before relaxing)
                0x00000000401062ac                __sfputs_r
                0x000000004010631c                __sprint_r
                0x00000000401063ac                _vfiprintf_r
                0x00000000401063ac                _vfprintf_r
                0x0000000040106694                vfiprintf
                0x0000000040106694                vfprintf
 *fill*         0x00000000401066bb        0x0 
 *fill*         0x00000000401066bb        0x0 
 *fill*         0x00000000401066bb        0x0 
 *fill*         0x00000000401066bb        0x0 
 *fill*         0x00000000401066bb        0x0 
 *libc.a:*findfp.o(.literal .text .literal.* .text.*)
 *fill*         0x00000000401066bb        0x1 
 .text          0x00000000401066bc      0x2c2 ./build/libc.a(lib_a-findfp.o)
                                        0x2ce (size before relaxing)
                0x0000000040106708                _cleanup_r
                0x0000000040106768                __sfmoreglue
                0x00000000401067b0                _cleanup
                0x00000000401067c4                __sfp_lock_acquire
                0x00000000401067dc                __sfp_lock_release
                0x00000000401067f4                __sinit_lock_acquire
                0x000000004010680c                __sinit_lock_release
                0x0000000040106824                __sinit
                0x0000000040106894                __sfp
                0x0000000040106940                __fp_lock_all
                0x0000000040106960                __fp_unlock_all
 *fill*         0x000000004010697e        0x0 
 *libc.a:*fputwc.o(.literal .text .literal.* .text.*)
 *fill*         0x000000004010697e        0x2 
 .text          0x0000000040106980      0x16e ./build/libc.a(lib_a-fputwc.o)
                                        0x176 (size before relaxing)
                0x0000000040106980                __fputwc
                0x0000000040106a28                _fputwc_r
                0x0000000040106a98                fputwc
 *fill*         0x0000000040106aee        0x0 
 *(.stub .gnu.warning .gnu.linkonce.literal.* .gnu.linkonce.t.*.literal .gnu.linkonce.t.*)
 *(.fini.literal)
 *(.fini)
 *(.gnu.version)
                0x0000000040106aee                _text_end = ABSOLUTE (.)
                0x0000000040106aee                _etext = .

.data           0x000000003ffe8000      0x964
                0x000000003ffe8000                _data_start = ABSOLUTE (.)
 *(.data)
 .data          0x000000003ffe8000        0x8 ./build/core.a(spiflash-cache-enable.o)
                0x000000003ffe8000                rboot_megabyte
 .data          0x000000003ffe8008       0xf4 ./build/libc.a(lib_a-impure.o)
                0x000000003ffe8008                _impure_ptr
 .data          0x000000003ffe80fc      0x16c ./build/libc.a(lib_a-locale.o)
                0x000000003ffe80fc                __global_locale
 .data          0x000000003ffe8268        0x1 ./build/sdklib/libmain.a(user_interface.o)
 *fill*         0x000000003ffe8269        0x3 
 .data          0x000000003ffe826c      0x1a8 ./build/sdklib/libnet80211.a(ieee80211_phy.o)
 *fill*         0x000000003ffe8414        0x4 
 .data          0x000000003ffe8418        0x6 ./build/sdklib/libnet80211.a(ieee80211_proto.o)
                0x000000003ffe8418                sdk_ieee80211_addr_bcast
 *fill*         0x000000003ffe841e        0x2 
 .data          0x000000003ffe8420       0x1c ./build/sdklib/libnet80211.a(ieee80211_action.o)
 *fill*         0x000000003ffe843c        0x4 
 .data          0x000000003ffe8440       0x53 ./build/sdklib/libphy.a(phy_chip_v6.o)
                0x000000003ffe8442                sdk_tx_rf_ana_gain
                0x000000003ffe8464                sdk_tx_pwctrl_atten_init_en
                0x000000003ffe8470                sdk_rx_gain_swp
                0x000000003ffe8490                sdk_test_rffreq_txcap
 *fill*         0x000000003ffe8493        0xd 
 .data          0x000000003ffe84a0       0x90 ./build/sdklib/libphy.a(phy_chip_v6_cal.o)
                0x000000003ffe84a0                sdk_dpd_index
                0x000000003ffe8500                sdk_dpd_db2linear
 .data          0x000000003ffe8530        0x4 ./build/sdklib/libphy.a(phy_sleep.o)
                0x000000003ffe8530                sdk_chip_version
 .data          0x000000003ffe8534      0x11c ./build/sdklib/libphy.a(phy_chip_v5_romfunc.o)
                0x000000003ffe8534                sdk_g_phyFuns
                0x000000003ffe8538                sdk_g_phyFuns_instance
 .data          0x000000003ffe8650        0x7 ./build/sdklib/libphy.a(phy_chip_v5_cal_romfunc.o)
 *fill*         0x000000003ffe8657        0x1 
 .data          0x000000003ffe8658        0x1 ./build/sdklib/libpp.a(pm.o)
 *fill*         0x000000003ffe8659        0x3 
 .data          0x000000003ffe865c       0x10 ./build/sdklib/libpp.a(pp.o)
                0x000000003ffe865c                sdk_NoiseTimerInterval
                0x000000003ffe8664                sdk_sleep_start_wait_time
 *fill*         0x000000003ffe866c        0x4 
 .data          0x000000003ffe8670       0x40 ./build/sdklib/libpp.a(rate_control.o)
 .data          0x000000003ffe86b0      0x22c ./build/sdklib/libpp.a(trc.o)
 *fill*         0x000000003ffe88dc        0x4 
 .data          0x000000003ffe88e0       0x10 ./build/sdklib/libpp.a(wdev.o)
 .data          0x000000003ffe88f0       0x18 ./build/sdklib/libnet80211.a(ieee80211_crypto_ccmp.o)
                0x000000003ffe88f0                sdk_ccmp
 .data          0x000000003ffe8908       0x18 ./build/sdklib/libnet80211.a(ieee80211_crypto_tkip.o)
                0x000000003ffe8908                sdk_tkip
 .data          0x000000003ffe8920       0x18 ./build/sdklib/libnet80211.a(ieee80211_crypto_wep.o)
                0x000000003ffe8920                sdk_wep
 *(.data.*)
 .data.sdk_dhcpc_flag
                0x000000003ffe8938        0x4 ./build/open_esplibs_libmain.a(user_interface.o)
                0x000000003ffe8938                sdk_dhcpc_flag
 .data.sdk_flashchip
                0x000000003ffe893c       0x18 ./build/open_esplibs_libmain.a(spi_flash.o)
                0x000000003ffe893c                sdk_flashchip
 .data.cpu_freq
                0x000000003ffe8954        0x4 ./build/open_esplibs_libmain.a(misc.o)
 .data.iss$5528
                0x000000003ffe8958        0x4 ./build/lwip.a(tcp.o)
 .data.tcp_port
                0x000000003ffe895c        0x2 ./build/lwip.a(tcp.o)
 .data.udp_port
                0x000000003ffe895e        0x2 ./build/lwip.a(udp.o)
 .data.current_stdout_write_r
                0x000000003ffe8960        0x4 ./build/core.a(newlib_syscalls.o)
 *(.gnu.linkonce.d.*)
 *(.data1)
 *(.sdata)
 *(.sdata.*)
 *(.gnu.linkonce.s.*)
 *(.sdata2)
 *(.sdata2.*)
 *(.gnu.linkonce.s2.*)
 *(.jcr)
                0x000000003ffe8964                _data_end = ABSOLUTE (.)

.rodata         0x000000003ffe8968      0x8e0
                0x000000003ffe8968                _rodata_start = ABSOLUTE (.)
 *core.a:*(.rodata.* .rodata)
 .rodata.str1.4
                0x000000003ffe8968      0x19f ./build/core.a(app_main.o)
 *fill*         0x000000003ffe8b07        0x1 
 .rodata.CSWTCH$30
                0x000000003ffe8b08       0x10 ./build/core.a(app_main.o)
 .rodata.CSWTCH$29
                0x000000003ffe8b18       0x40 ./build/core.a(app_main.o)
 .rodata.str1.4
                0x000000003ffe8b58      0x1cc ./build/core.a(debug_dumps.o)
 .rodata        0x000000003ffe8d24       0x1c ./build/core.a(exception_vectors.o)
 *libc.a:*.o(.rodata.* .rodata)
 .rodata        0x000000003ffe8d40       0x60 ./build/libc.a(lib_a-findfp.o)
                0x000000003ffe8d40                __sf_fake_stderr
                0x000000003ffe8d60                __sf_fake_stdout
                0x000000003ffe8d80                __sf_fake_stdin
 .rodata        0x000000003ffe8da0        0x4 ./build/libc.a(lib_a-impure.o)
                0x000000003ffe8da0                _global_impure_ptr
 .rodata.str1.1
                0x000000003ffe8da4       0x21 ./build/libc.a(lib_a-mstats.o)
 .rodata.str1.1
                0x000000003ffe8dc5       0x4b ./build/libc.a(lib_a-nano-mallstatsr.o)
 .rodata.str1.1
                0x000000003ffe8e10       0x12 ./build/libc.a(lib_a-nano-vfprintf_float.o)
 .rodata.str1.1
                0x000000003ffe8e22       0x22 ./build/libc.a(lib_a-nano-vfprintf_i.o)
 .rodata.str1.1
                0x000000003ffe8e44        0x5 ./build/libc.a(lib_a-nano-vfscanf_float.o)
 .rodata.str1.1
                0x000000003ffe8e49        0x5 ./build/libc.a(lib_a-puts.o)
                                          0x2 (size before relaxing)
 .rodata.str1.1
                0x000000003ffe8e49        0x5 ./build/libc.a(lib_a-strtod.o)
                                          0xc (size before relaxing)
 *fill*         0x000000003ffe8e49        0x7 
 .rodata        0x000000003ffe8e50       0x70 ./build/libc.a(lib_a-strtod.o)
 .rodata.str1.1
                0x000000003ffe8ec0        0xd ./build/libc.a(lib_a-dtoa.o)
                                          0xf (size before relaxing)
 .rodata.str1.1
                0x000000003ffe8ecd        0xa ./build/libc.a(lib_a-locale.o)
                                          0xb (size before relaxing)
 *fill*         0x000000003ffe8ed7        0x1 
 .rodata        0x000000003ffe8ed8      0x128 ./build/libc.a(lib_a-mprec.o)
                0x000000003ffe8ee8                __mprec_tinytens
                0x000000003ffe8f10                __mprec_bigtens
                0x000000003ffe8f38                __mprec_tens
 .rodata.str1.1
                0x000000003ffe9000       0x11 ./build/libc.a(lib_a-nano-svfprintf.o)
 .rodata.str1.1
                0x000000003ffe9011       0x11 ./build/libc.a(lib_a-nano-vfprintf.o)
 .rodata        0x000000003ffe9011      0x101 ./build/libc.a(lib_a-ctype_.o)
                0x000000003ffe9011                _ctype_
 *freertos.a:*(.rodata.* .rodata)
 *fill*         0x000000003ffe9112        0x2 
 .rodata.str1.4
                0x000000003ffe9114       0x41 ./build/freertos.a(tasks.o)
 *fill*         0x000000003ffe9155        0x3 
 .rodata.str1.4
                0x000000003ffe9158       0x42 ./build/freertos.a(timers.o)
 *fill*         0x000000003ffe919a        0x2 
 .rodata.str1.4
                0x000000003ffe919c       0x5d ./build/freertos.a(port.o)
 *fill*         0x000000003ffe91f9        0x3 
 .rodata.str1.4
                0x000000003ffe91fc       0x39 ./build/freertos.a(queue.o)
 *libmain.a:spi_flash.o(.rodata.* .rodata)
 *libpp.a:wdev.o(.rodata.* .rodata)
 *fill*         0x000000003ffe9235        0x3 
 .rodata.str1.4
                0x000000003ffe9238       0x10 ./build/sdklib/libpp.a(wdev.o)
                                          0xf (size before relaxing)
                0x000000003ffe9248                _rodata_end = ABSOLUTE (.)

.bss            0x000000003ffe9248     0x8328
                0x000000003ffe9248                . = ALIGN (0x8)
                0x000000003ffe9248                _bss_start = ABSOLUTE (.)
 *(.dynsbss)
 *(.sbss)
 *(.sbss.*)
 *(.gnu.linkonce.sb.*)
 *(.scommon)
 *(.sbss2)
 *(.sbss2.*)
 *(.gnu.linkonce.sb2.*)
 *(.dynbss)
 *(.bss)
 *fill*         0x000000003ffe9248        0x8 
 .bss           0x000000003ffe9250      0x228 ./build/core.a(exception_vectors.o)
                0x000000003ffe9464                debug_saved_ctx
 .bss           0x000000003ffe9478        0x8 ./build/libc.a(lib_a-findfp.o)
 .bss           0x000000003ffe9480       0x28 ./build/libc.a(lib_a-nano-mallinfor.o)
                0x000000003ffe9480                __malloc_current_mallinfo
 .bss           0x000000003ffe94a8        0x8 ./build/libc.a(lib_a-nano-mallocr.o)
                0x000000003ffe94a8                __malloc_sbrk_start
                0x000000003ffe94ac                __malloc_free_list
 .bss           0x000000003ffe94b0        0x4 ./build/libc.a(lib_a-mlock.o)
 *fill*         0x000000003ffe94b4        0xc 
 .bss           0x000000003ffe94c0      0x131 ./build/sdklib/libmain.a(user_interface.o)
 *fill*         0x000000003ffe95f1        0x3 
 .bss           0x000000003ffe95f4      0x54c ./build/sdklib/libnet80211.a(ieee80211.o)
                0x000000003ffe95f4                sdk_g_ic
                0x000000003ffe9b3c                sdk_xieee80211Queue
 .bss           0x000000003ffe9b40       0x28 ./build/sdklib/libnet80211.a(ieee80211_hostap.o)
                0x000000003ffe9b60                sdk_TmpSTAAPCloseAP
                0x000000003ffe9b61                sdk_PendFreeBcnEb
 .bss           0x000000003ffe9b68       0xe4 ./build/sdklib/libnet80211.a(ieee80211_scan.o)
                0x000000003ffe9b68                sdk_gScanStruct
                0x000000003ffe9c2c                sdk_auth_type
                0x000000003ffe9c2e                sdk_scannum
 .bss           0x000000003ffe9c4c       0x44 ./build/sdklib/libnet80211.a(wl_chm.o)
 .bss           0x000000003ffe9c90      0x780 ./build/sdklib/libnet80211.a(wl_cnx.o)
                0x000000003ffea3f0                sdk_sta_con_timer
                0x000000003ffea40c                sdk_g_cnx_probe_rc_list_cb
 .bss           0x000000003ffea410        0x4 ./build/sdklib/libphy.a(phy.o)
 *fill*         0x000000003ffea414        0xc 
 .bss           0x000000003ffea420      0x38b ./build/sdklib/libphy.a(phy_chip_v6.o)
                0x000000003ffea420                sdk_rxiq_compute_num
                0x000000003ffea424                sdk_rxdc_init_flag
                0x000000003ffea428                sdk_check_result
                0x000000003ffea42c                sdk_chip6_sleep_params
                0x000000003ffea604                sdk_chip6_phy_init_ctrl
                0x000000003ffea672                sdk_phy_freq_offset
                0x000000003ffea674                sdk_do_pwctrl_flag
                0x000000003ffea675                sdk_pwctrl_debug
                0x000000003ffea676                sdk_txbk_dpdby_flag
                0x000000003ffea678                sdk_sw_scan_mode
                0x000000003ffea68c                sdk_periodic_cal_dc_num
                0x000000003ffea690                sdk_periodic_cal_flag
                0x000000003ffea691                sdk_bbpll_cal_flag
                0x000000003ffea692                sdk_deep_sleep_en
                0x000000003ffea698                sdk_noise_array
                0x000000003ffea7a0                sdk_tx_pwctrl_atten_init
 *fill*         0x000000003ffea7ab        0x1 
 .bss           0x000000003ffea7ac        0x6 ./build/sdklib/libphy.a(phy_chip_v6_cal.o)
                0x000000003ffea7ac                sdk_loop_pwctrl_pwdet_error_accum_high_power
                0x000000003ffea7ae                sdk_tx_pwctrl_pk_num
                0x000000003ffea7af                sdk_loop_pwctrl_correct_atten_high_power
                0x000000003ffea7b0                sdk_tx_pwctrl_set_chan_flag
                0x000000003ffea7b1                sdk_rxiq_cover_fail_num
 *fill*         0x000000003ffea7b2        0x2 
 .bss           0x000000003ffea7b4        0x4 ./build/sdklib/libphy.a(phy_sleep.o)
                0x000000003ffea7b4                sdk_periodic_cal_sat
                0x000000003ffea7b5                sdk_software_slp_reject
                0x000000003ffea7b6                sdk_SDIO_slp_reject
                0x000000003ffea7b7                sdk_hardware_reject
 *fill*         0x000000003ffea7b8        0x8 
 .bss           0x000000003ffea7c0     0x11e8 ./build/sdklib/libpp.a(esf_buf.o)
 *fill*         0x000000003ffeb9a8        0x8 
 .bss           0x000000003ffeb9b0       0x30 ./build/sdklib/libpp.a(if_hwctrl.o)
                0x000000003ffeb9b0                sdk_interface_mask
                0x000000003ffeb9c0                sdk_if_ctrl
 .bss           0x000000003ffeb9e0      0x150 ./build/sdklib/libpp.a(lmac.o)
                0x000000003ffeb9e4                sdk_lmacConfMib
 .bss           0x000000003ffebb30      0x149 ./build/sdklib/libpp.a(pm.o)
 *fill*         0x000000003ffebc79        0x7 
 .bss           0x000000003ffebc80      0x352 ./build/sdklib/libpp.a(pp.o)
                0x000000003ffebca8                sdk_pend_flag_noise_check
                0x000000003ffebcb0                sdk_pend_flag_periodic_cal
                0x000000003ffebcd4                sdk_dbg_stop_sw_wdt
                0x000000003ffebcd5                sdk_dbg_stop_hw_wdt
 *fill*         0x000000003ffebfd2        0xe 
 .bss           0x000000003ffebfe0      0x100 ./build/sdklib/libpp.a(rate_control.o)
 .bss           0x000000003ffec0e0      0x268 ./build/sdklib/libpp.a(trc.o)
 *fill*         0x000000003ffec348        0x8 
 .bss           0x000000003ffec350     0x4721 ./build/sdklib/libpp.a(wdev.o)
                0x000000003ffec350                sdk_wDevCtrl
                0x000000003ffec4f4                sdk_NMIIrqIsOn
                0x000000003ffec4f8                sdk_WdevTimOffSet
 *fill*         0x000000003fff0a71        0xf 
 .bss           0x000000003fff0a80      0x27a ./build/sdklib/libwpa.a(wpa.o)
 *fill*         0x000000003fff0cfa        0x6 
 .bss           0x000000003fff0d00       0xb0 ./build/sdklib/libwpa.a(aes-internal-dec.o)
 .bss           0x000000003fff0db0        0x8 ./build/sdklib/libnet80211.a(ieee80211_crypto_tkip.o)
 *(.bss.*)
 .bss.task_handle
                0x000000003fff0db8        0x4 ./build/open_esplibs_libmain.a(ets_timer.o)
 .bss.timer_list
                0x000000003fff0dbc        0x4 ./build/open_esplibs_libmain.a(ets_timer.o)
 .bss.armed_timer_count
                0x000000003fff0dc0        0x1 ./build/open_esplibs_libmain.a(timers.o)
 *fill*         0x000000003fff0dc1        0x3 
 .bss.timer_list
                0x000000003fff0dc4        0x4 ./build/open_esplibs_libmain.a(timers.o)
 .bss.hostap_timer_parg
                0x000000003fff0dc8        0x4 ./build/open_esplibs_libnet80211.a(ieee80211_hostap.o)
 .bss.hostap_timer
                0x000000003fff0dcc       0x1c ./build/open_esplibs_libnet80211.a(ieee80211_hostap.o)
 .bss.hostap_flags
                0x000000003fff0de8        0x1 ./build/open_esplibs_libnet80211.a(ieee80211_hostap.o)
 *fill*         0x000000003fff0de9        0x3 
 .bss.uxSchedulerSuspended
                0x000000003fff0dec        0x4 ./build/freertos.a(tasks.o)
 .bss.xIdleTaskHandle
                0x000000003fff0df0        0x4 ./build/freertos.a(tasks.o)
 .bss.xNextTaskUnblockTime
                0x000000003fff0df4        0x4 ./build/freertos.a(tasks.o)
 .bss.uxTaskNumber
                0x000000003fff0df8        0x4 ./build/freertos.a(tasks.o)
 .bss.xNumOfOverflows
                0x000000003fff0dfc        0x4 ./build/freertos.a(tasks.o)
 .bss.xYieldPending
                0x000000003fff0e00        0x4 ./build/freertos.a(tasks.o)
 .bss.uxPendedTicks
                0x000000003fff0e04        0x4 ./build/freertos.a(tasks.o)
 .bss.xSchedulerRunning
                0x000000003fff0e08        0x4 ./build/freertos.a(tasks.o)
 .bss.uxTopReadyPriority
                0x000000003fff0e0c        0x4 ./build/freertos.a(tasks.o)
 .bss.xTickCount
                0x000000003fff0e10        0x4 ./build/freertos.a(tasks.o)
 .bss.uxCurrentNumberOfTasks
                0x000000003fff0e14        0x4 ./build/freertos.a(tasks.o)
 .bss.xSuspendedTaskList
                0x000000003fff0e18       0x14 ./build/freertos.a(tasks.o)
 .bss.uxDeletedTasksWaitingCleanUp
                0x000000003fff0e2c        0x4 ./build/freertos.a(tasks.o)
 .bss.xTasksWaitingTermination
                0x000000003fff0e30       0x14 ./build/freertos.a(tasks.o)
 .bss.xPendingReadyList
                0x000000003fff0e44       0x14 ./build/freertos.a(tasks.o)
 .bss.pxOverflowDelayedTaskList
                0x000000003fff0e58        0x4 ./build/freertos.a(tasks.o)
 .bss.pxDelayedTaskList
                0x000000003fff0e5c        0x4 ./build/freertos.a(tasks.o)
 .bss.xDelayedTaskList2
                0x000000003fff0e60       0x14 ./build/freertos.a(tasks.o)
 .bss.xDelayedTaskList1
                0x000000003fff0e74       0x14 ./build/freertos.a(tasks.o)
 .bss.pxReadyTasksLists
                0x000000003fff0e88      0x12c ./build/freertos.a(tasks.o)
 .bss.pxCurrentTCB
                0x000000003fff0fb4        0x4 ./build/freertos.a(tasks.o)
                0x000000003fff0fb4                pxCurrentTCB
 .bss.xLastTime$3522
                0x000000003fff0fb8        0x4 ./build/freertos.a(timers.o)
 .bss.xTimerTaskHandle
                0x000000003fff0fbc        0x4 ./build/freertos.a(timers.o)
 .bss.xTimerQueue
                0x000000003fff0fc0        0x4 ./build/freertos.a(timers.o)
 .bss.pxOverflowTimerList
                0x000000003fff0fc4        0x4 ./build/freertos.a(timers.o)
 .bss.pxCurrentTimerList
                0x000000003fff0fc8        0x4 ./build/freertos.a(timers.o)
 .bss.xActiveTimerList2
                0x000000003fff0fcc       0x14 ./build/freertos.a(timers.o)
 .bss.xActiveTimerList1
                0x000000003fff0fe0       0x14 ./build/freertos.a(timers.o)
 .bss.uxCriticalNesting
                0x000000003fff0ff4        0x4 ./build/freertos.a(port.o)
 .bss.pending_maclayer_sv
                0x000000003fff0ff8        0x4 ./build/freertos.a(port.o)
 .bss.pending_soft_sv
                0x000000003fff0ffc        0x4 ./build/freertos.a(port.o)
 .bss.mbox      0x000000003fff1000        0x4 ./build/lwip.a(tcpip.o)
 .bss.tcpip_init_done_arg
                0x000000003fff1004        0x4 ./build/lwip.a(tcpip.o)
 .bss.tcpip_init_done
                0x000000003fff1008        0x4 ./build/lwip.a(tcpip.o)
 .bss.tcp_timer_ctr
                0x000000003fff100c        0x1 ./build/lwip.a(tcp.o)
 .bss.tcp_timer
                0x000000003fff100d        0x1 ./build/lwip.a(tcp.o)
 *fill*         0x000000003fff100e        0x2 
 .bss.dns_servers
                0x000000003fff1010        0x8 ./build/lwip.a(dns.o)
 .bss.dns_requests
                0x000000003fff1018        0xc ./build/lwip.a(dns.o)
 .bss.dns_table
                0x000000003fff1024       0x90 ./build/lwip.a(dns.o)
 .bss.dns_pcbs  0x000000003fff10b4        0x4 ./build/lwip.a(dns.o)
 .bss.tcpip_tcp_timer_active
                0x000000003fff10b8        0x4 ./build/lwip.a(timeouts.o)
 .bss.timeouts_last_time
                0x000000003fff10bc        0x4 ./build/lwip.a(timeouts.o)
 .bss.next_timeout
                0x000000003fff10c0        0x4 ./build/lwip.a(timeouts.o)
 .bss.recv_data
                0x000000003fff10c4        0x4 ./build/lwip.a(tcp_in.o)
 .bss.recv_flags
                0x000000003fff10c8        0x1 ./build/lwip.a(tcp_in.o)
 .bss.flags     0x000000003fff10c9        0x1 ./build/lwip.a(tcp_in.o)
 .bss.tcplen    0x000000003fff10ca        0x2 ./build/lwip.a(tcp_in.o)
 .bss.recv_acked
                0x000000003fff10cc        0x2 ./build/lwip.a(tcp_in.o)
 *fill*         0x000000003fff10ce        0x2 
 .bss.ackno     0x000000003fff10d0        0x4 ./build/lwip.a(tcp_in.o)
 .bss.seqno     0x000000003fff10d4        0x4 ./build/lwip.a(tcp_in.o)
 .bss.tcp_optidx
                0x000000003fff10d8        0x2 ./build/lwip.a(tcp_in.o)
 *fill*         0x000000003fff10da        0x2 
 .bss.tcphdr_opt2
                0x000000003fff10dc        0x4 ./build/lwip.a(tcp_in.o)
 .bss.tcphdr_opt1len
                0x000000003fff10e0        0x2 ./build/lwip.a(tcp_in.o)
 .bss.tcphdr_optlen
                0x000000003fff10e2        0x2 ./build/lwip.a(tcp_in.o)
 .bss.tcphdr    0x000000003fff10e4        0x4 ./build/lwip.a(tcp_in.o)
 .bss.inseg     0x000000003fff10e8       0x10 ./build/lwip.a(tcp_in.o)
 .bss.netif_num
                0x000000003fff10f8        0x1 ./build/lwip.a(netif.o)
 *fill*         0x000000003fff10f9        0x1 
 .bss.ip_reass_pbufcount
                0x000000003fff10fa        0x2 ./build/lwip.a(ip4_frag.o)
 .bss.reassdatagrams
                0x000000003fff10fc        0x4 ./build/lwip.a(ip4_frag.o)
 .bss.xid$4517  0x000000003fff1100        0x4 ./build/lwip.a(dhcp.o)
 .bss.dhcp_pcb_refcount
                0x000000003fff1104        0x1 ./build/lwip.a(dhcp.o)
 *fill*         0x000000003fff1105        0x3 
 .bss.dhcp_pcb  0x000000003fff1108        0x4 ./build/lwip.a(dhcp.o)
 .bss.etharp_cached_entry
                0x000000003fff110c        0x1 ./build/lwip.a(etharp.o)
 *fill*         0x000000003fff110d        0x3 
 .bss.arp_table
                0x000000003fff1110       0xf0 ./build/lwip.a(etharp.o)
 .bss.allrouters
                0x000000003fff1200        0x4 ./build/lwip.a(igmp.o)
 .bss.allsystems
                0x000000003fff1204        0x4 ./build/lwip.a(igmp.o)
 .bss.ip4_default_multicast_netif
                0x000000003fff1208        0x4 ./build/lwip.a(ip4.o)
 .bss.ip_id     0x000000003fff120c        0x2 ./build/lwip.a(ip4.o)
 *fill*         0x000000003fff120e        0x2 
 .bss.my_nesting
                0x000000003fff1210        0x4 ./build/lwip.a(sys_arch.o)
 .bss._sysparam_info
                0x000000003fff1214       0x18 ./build/core.a(sysparam.o)
 .bss.user_exception_handler
                0x000000003fff122c        0x4 ./build/core.a(debug_dumps.o)
 .bss.task_rf   0x000000003fff1230        0x4 ./build/program.a(main.o)
                0x000000003fff1230                task_rf
 .bss.startTime
                0x000000003fff1234        0x4 ./build/program.a(button.o)
                0x000000003fff1234                startTime
 .bss.bt_callback
                0x000000003fff1238        0x4 ./build/program.a(button.o)
                0x000000003fff1238                bt_callback
 .bss._ZZ7get_uidvE3uid
                0x000000003fff123c       0x14 ./build/program.a(wifi.o)
 .bss._ZZ7get_uidvE8uid_done
                0x000000003fff1250        0x1 ./build/program.a(wifi.o)
 *fill*         0x000000003fff1251        0x3 
 .bss.ipbuf$6065
                0x000000003fff1254       0x10 ./build/dhcpserver.a(dhcpserver.o)
 .bss.state     0x000000003fff1264        0x4 ./build/dhcpserver.a(dhcpserver.o)
 .bss.dhcpserver_task_handle
                0x000000003fff1268        0x4 ./build/dhcpserver.a(dhcpserver.o)
 .bss.gpio_interrupt_handlers
                0x000000003fff126c       0x40 ./build/core.a(esp_gpio.o)
 .bss.heap_end$3866
                0x000000003fff12ac        0x4 ./build/core.a(newlib_syscalls.o)
 .bss.sockets   0x000000003fff12b0       0xc0 ./build/lwip.a(sockets.o)
 *(.gnu.linkonce.b.*)
 *(COMMON)
 COMMON         0x000000003fff1370       0x28 ./build/open_esplibs_libmain.a(user_interface.o)
                0x000000003fff1370                sdk_cpu_overclock
                0x000000003fff1374                sdk_rst_if
                0x000000003fff1394                sdk_promiscuous_cb
 COMMON         0x000000003fff1398        0x4 ./build/open_esplibs_libmain.a(misc.o)
                0x000000003fff1398                sdk__putc1
 COMMON         0x000000003fff139c        0xc ./build/freertos.a(port.o)
                0x000000003fff139c                level1_int_disabled
                0x000000003fff13a0                cpu_sr
                0x000000003fff13a4                xPortSupervisorStackPointer
 COMMON         0x000000003fff13a8        0x4 ./build/lwip.a(esp_interface.o)
                0x000000003fff13a8                pp_rx_pool_usage
 COMMON         0x000000003fff13ac        0x4 ./build/lwip.a(tcpip.o)
                0x000000003fff13ac                lock_tcpip_core
 COMMON         0x000000003fff13b0       0x18 ./build/lwip.a(tcp.o)
                0x000000003fff13b0                tcp_active_pcbs_changed
                0x000000003fff13b4                tcp_active_pcbs
                0x000000003fff13b8                tcp_ticks
                0x000000003fff13bc                tcp_listen_pcbs
                0x000000003fff13c0                tcp_bound_pcbs
                0x000000003fff13c4                tcp_tw_pcbs
 COMMON         0x000000003fff13c8        0x4 ./build/lwip.a(tcp_in.o)
                0x000000003fff13c8                tcp_input_pcb
 COMMON         0x000000003fff13cc        0x8 ./build/lwip.a(netif.o)
                0x000000003fff13cc                netif_list
                0x000000003fff13d0                netif_default
 COMMON         0x000000003fff13d4        0x1 ./build/lwip.a(pbuf.o)
                0x000000003fff13d4                pbuf_free_ooseq_pending
 *fill*         0x000000003fff13d5        0x3 
 COMMON         0x000000003fff13d8        0x4 ./build/lwip.a(udp.o)
                0x000000003fff13d8                udp_pcbs
 COMMON         0x000000003fff13dc       0x34 ./build/lwip.a(dhcp.o)
                0x000000003fff13dc                dhcp_rx_options_given
                0x000000003fff13e8                dhcp_rx_options_val
 COMMON         0x000000003fff1410       0x18 ./build/lwip.a(ip.o)
                0x000000003fff1410                ip_data
 COMMON         0x000000003fff1428       0x81 ./build/core.a(esp_interrupts.o)
                0x000000003fff1428                isr
                0x000000003fff14a8                esp_in_isr
 *fill*         0x000000003fff14a9        0x3 
 COMMON         0x000000003fff14ac       0x2d ./build/core.a(app_main.o)
                0x000000003fff14ac                sdk_info
                0x000000003fff14d0                sdk_xWatchDogTaskHandle
                0x000000003fff14d4                sdk_xUserTaskHandle
                0x000000003fff14d8                sdk_user_init_flag
 *fill*         0x000000003fff14d9        0x3 
 COMMON         0x000000003fff14dc       0x90 ./build/lwip.a(sockets.o)
                0x000000003fff14dc                socket_ipv4_multicast_memberships
                0x000000003fff1570                . = ALIGN (0x8)
 *fill*         0x000000003fff156c        0x4 
                0x000000003fff1570                _bss_end = ABSOLUTE (.)
                0x000000003fff1570                _heap_start = ABSOLUTE (.)

.irom0.text     0x0000000040202010    0x371ec
                0x0000000040202010                _irom0_text_start = ABSOLUTE (.)
 *(.literal .text .literal.* .text.* .rodata .rodata.*)
 .text._check_boot_version
                0x0000000040202010       0x3a ./build/open_esplibs_libmain.a(user_interface.o)
                                         0x3e (size before relaxing)
 *fill*         0x000000004020204a        0x2 
 .text.sdk_system_pp_recycle_rx_pkt
                0x000000004020204c        0xf ./build/open_esplibs_libmain.a(user_interface.o)
                                         0x17 (size before relaxing)
                0x000000004020204c                sdk_system_pp_recycle_rx_pkt
 *fill*         0x000000004020205b        0x1 
 .text.sdk_system_restart
                0x000000004020205c       0x53 ./build/open_esplibs_libmain.a(user_interface.o)
                                         0x7b (size before relaxing)
                0x0000000040202068                sdk_system_restart
 *fill*         0x00000000402020af        0x1 
 .text.sdk_system_get_boot_version
                0x00000000402020b0        0xe ./build/open_esplibs_libmain.a(user_interface.o)
                                         0x12 (size before relaxing)
                0x00000000402020b0                sdk_system_get_boot_version
 *fill*         0x00000000402020be        0x2 
 .text.sdk_system_get_test_result
                0x00000000402020c0       0x22 ./build/open_esplibs_libmain.a(user_interface.o)
                                         0x2e (size before relaxing)
                0x00000000402020c0                sdk_system_get_test_result
 *fill*         0x00000000402020e2        0x2 
 .text.sdk_system_upgrade_userbin_check
                0x00000000402020e4       0x40 ./build/open_esplibs_libmain.a(user_interface.o)
                                         0x44 (size before relaxing)
                0x00000000402020e4                sdk_system_upgrade_userbin_check
 .text.sdk_system_get_userbin_addr
                0x0000000040202124       0x96 ./build/open_esplibs_libmain.a(user_interface.o)
                                         0x9e (size before relaxing)
                0x0000000040202134                sdk_system_get_userbin_addr
 *fill*         0x00000000402021ba        0x2 
 .text.sdk_system_update_cpu_freq
                0x00000000402021bc       0x61 ./build/open_esplibs_libmain.a(user_interface.o)
                                         0x69 (size before relaxing)
                0x00000000402021c0                sdk_system_update_cpu_freq
 *fill*         0x000000004020221d        0x3 
 .text.sdk_system_get_cpu_freq
                0x0000000040202220       0x1a ./build/open_esplibs_libmain.a(user_interface.o)
                0x0000000040202224                sdk_system_get_cpu_freq
 *fill*         0x000000004020223a        0x2 
 .text.sdk_system_overclock
                0x000000004020223c       0x31 ./build/open_esplibs_libmain.a(user_interface.o)
                                         0x3d (size before relaxing)
                0x0000000040202240                sdk_system_overclock
 *fill*         0x000000004020226d        0x3 
 .text.sdk_system_restoreclock
                0x0000000040202270       0x33 ./build/open_esplibs_libmain.a(user_interface.o)
                                         0x43 (size before relaxing)
                0x0000000040202270                sdk_system_restoreclock
 *fill*         0x00000000402022a3        0x1 
 .text.sdk_system_get_time
                0x00000000402022a4       0x1c ./build/open_esplibs_libmain.a(user_interface.o)
                0x00000000402022ac                sdk_system_get_time
 .text.sdk_system_station_got_ip_set
                0x00000000402022c0       0x91 ./build/open_esplibs_libmain.a(user_interface.o)
                                         0xa9 (size before relaxing)
                0x00000000402022cc                sdk_system_station_got_ip_set
 *fill*         0x0000000040202351        0x3 
 .text.sdk_wifi_set_ip_info
                0x0000000040202354       0x85 ./build/open_esplibs_libmain.a(user_interface.o)
                                         0x8d (size before relaxing)
                0x0000000040202360                sdk_wifi_set_ip_info
 *fill*         0x00000000402023d9        0x3 
 .text.sdk_wifi_get_macaddr
                0x00000000402023dc       0x63 ./build/open_esplibs_libmain.a(user_interface.o)
                                         0x73 (size before relaxing)
                0x00000000402023e0                sdk_wifi_get_macaddr
 *fill*         0x000000004020243f        0x1 
 .text.add_pending_timer
                0x0000000040202440       0x98 ./build/open_esplibs_libmain.a(ets_timer.o)
                                         0x9c (size before relaxing)
 .text.timer_task
                0x00000000402024d8       0xb9 ./build/open_esplibs_libmain.a(ets_timer.o)
                                         0xd5 (size before relaxing)
 *fill*         0x0000000040202591        0x3 
 .text.sdk_ets_timer_arm_ms_us
                0x0000000040202594       0x69 ./build/open_esplibs_libmain.a(ets_timer.o)
                                         0x7d (size before relaxing)
                0x000000004020259c                sdk_ets_timer_arm_ms_us
 *fill*         0x00000000402025fd        0x3 
 .text.sdk_ets_timer_arm
                0x0000000040202600       0x17 ./build/open_esplibs_libmain.a(ets_timer.o)
                                         0x1b (size before relaxing)
                0x0000000040202600                sdk_ets_timer_arm
 *fill*         0x0000000040202617        0x1 
 .text.sdk_ets_timer_disarm
                0x0000000040202618       0x50 ./build/open_esplibs_libmain.a(ets_timer.o)
                                         0x5c (size before relaxing)
                0x0000000040202618                sdk_ets_timer_disarm
 .text.sdk_ets_timer_init
                0x0000000040202668       0xa4 ./build/open_esplibs_libmain.a(ets_timer.o)
                                         0xb8 (size before relaxing)
                0x0000000040202680                sdk_ets_timer_init
 .text.sdk_os_update_cpu_frequency
                0x000000004020270c        0xb ./build/open_esplibs_libmain.a(misc.o)
                0x0000000040202710                sdk_os_update_cpu_frequency
                0x0000000040202710                sdk_ets_update_cpu_frequency
 *fill*         0x0000000040202717        0x1 
 .text.sdk_os_delay_us
                0x0000000040202718       0x33 ./build/open_esplibs_libmain.a(misc.o)
                                         0x3f (size before relaxing)
                0x0000000040202718                sdk_os_delay_us
                0x0000000040202718                sdk_ets_delay_us
 *fill*         0x000000004020274b        0x1 
 .text.sdk_os_install_putc1
                0x000000004020274c        0xb ./build/open_esplibs_libmain.a(misc.o)
                0x0000000040202750                sdk_os_install_putc1
 *fill*         0x0000000040202757        0x1 
 .text.sdk_gpio_output_set
                0x0000000040202758       0x1d ./build/open_esplibs_libmain.a(misc.o)
                0x000000004020275c                sdk_gpio_output_set
 *fill*         0x0000000040202775        0x3 
 .text.sdk_rtc_get_reset_reason
                0x0000000040202778       0x4a ./build/open_esplibs_libmain.a(misc.o)
                0x0000000040202780                sdk_rtc_get_reset_reason
 *fill*         0x00000000402027c2        0x2 
 .text.timer_tramp
                0x00000000402027c4       0x17 ./build/open_esplibs_libmain.a(timers.o)
                                         0x1f (size before relaxing)
 *fill*         0x00000000402027db        0x1 
 .text.sdk_os_timer_setfn
                0x00000000402027dc       0xac ./build/open_esplibs_libmain.a(timers.o)
                                         0xb8 (size before relaxing)
                0x00000000402027ec                sdk_os_timer_setfn
 .text.sdk_os_timer_arm
                0x0000000040202888       0xac ./build/open_esplibs_libmain.a(timers.o)
                                         0xd4 (size before relaxing)
                0x0000000040202894                sdk_os_timer_arm
 .text.sdk_os_timer_disarm
                0x0000000040202934       0x27 ./build/open_esplibs_libmain.a(timers.o)
                                         0x37 (size before relaxing)
                0x0000000040202938                sdk_os_timer_disarm
 *fill*         0x000000004020295b        0x1 
 .text.sdk_ieee80211_hostap_attach
                0x000000004020295c      0x19d ./build/open_esplibs_libnet80211.a(ieee80211_hostap.o)
                                        0x1fd (size before relaxing)
                0x0000000040202980                sdk_ieee80211_hostap_attach
 *fill*         0x0000000040202af9        0x3 
 .text.sdk_wifi_softap_start
                0x0000000040202afc      0x15a ./build/open_esplibs_libnet80211.a(ieee80211_hostap.o)
                                        0x196 (size before relaxing)
                0x0000000040202b20                sdk_wifi_softap_start
 *fill*         0x0000000040202c56        0x2 
 .text.sdk_wifi_softap_stop
                0x0000000040202c58      0x139 ./build/open_esplibs_libnet80211.a(ieee80211_hostap.o)
                                        0x1a5 (size before relaxing)
                0x0000000040202c5c                sdk_wifi_softap_stop
 *fill*         0x0000000040202d91        0x3 
 .text.dhcp_if_down
                0x0000000040202d94       0x1d ./build/open_esplibs_libnet80211.a(wl_cnx.o)
                                         0x29 (size before relaxing)
                0x0000000040202d94                dhcp_if_down
 *fill*         0x0000000040202db1        0x3 
 .text.sdk_cnx_rc_search
                0x0000000040202db4       0x62 ./build/open_esplibs_libnet80211.a(wl_cnx.o)
                                         0x66 (size before relaxing)
                0x0000000040202db8                sdk_cnx_rc_search
 *fill*         0x0000000040202e16        0x2 
 .text.sdk_cnx_add_rc
                0x0000000040202e18       0x7c ./build/open_esplibs_libnet80211.a(wl_cnx.o)
                                         0x80 (size before relaxing)
                0x0000000040202e18                sdk_cnx_add_rc
 .text.sdk_cnx_remove_rc
                0x0000000040202e94       0x9b ./build/open_esplibs_libnet80211.a(wl_cnx.o)
                                         0x9f (size before relaxing)
                0x0000000040202e98                sdk_cnx_remove_rc
 *fill*         0x0000000040202f2f        0x1 
 .text.sdk_cnx_node_remove
                0x0000000040202f30       0x7c ./build/open_esplibs_libnet80211.a(wl_cnx.o)
                                         0x98 (size before relaxing)
                0x0000000040202f30                sdk_cnx_node_remove
 .text.sdk_cnx_node_search
                0x0000000040202fac       0x5a ./build/open_esplibs_libnet80211.a(wl_cnx.o)
                                         0x62 (size before relaxing)
                0x0000000040202fac                sdk_cnx_node_search
 *fill*         0x0000000040203006        0x2 
 .text.sdk_sta_status_set
                0x0000000040203008       0x42 ./build/open_esplibs_libnet80211.a(ieee80211_sta.o)
                                         0x46 (size before relaxing)
                0x0000000040203008                sdk_sta_status_set
 *fill*         0x000000004020304a        0x2 
 .text.sdk_wifi_station_start
                0x000000004020304c       0x9d ./build/open_esplibs_libnet80211.a(ieee80211_sta.o)
                                         0xc5 (size before relaxing)
                0x000000004020305c                sdk_wifi_station_start
 *fill*         0x00000000402030e9        0x3 
 .text.sdk_wifi_station_stop
                0x00000000402030ec       0x4b ./build/open_esplibs_libnet80211.a(ieee80211_sta.o)
                                         0x5b (size before relaxing)
                0x00000000402030ec                sdk_wifi_station_stop
 *fill*         0x0000000040203137        0x1 
 .text.sdk_wpa_config_assoc_ie
                0x0000000040203138       0x17 ./build/open_esplibs_libwpa.a(wpa_main.o)
                                         0x1b (size before relaxing)
                0x0000000040203138                sdk_wpa_config_assoc_ie
 *fill*         0x000000004020314f        0x1 
 .text.sdk_dhcp_bind_check
                0x0000000040203150       0x22 ./build/open_esplibs_libwpa.a(wpa_main.o)
                                         0x26 (size before relaxing)
                0x0000000040203150                sdk_dhcp_bind_check
 *fill*         0x0000000040203172        0x2 
 .text.wpa_callback2
                0x0000000040203174       0x33 ./build/open_esplibs_libwpa.a(wpa_main.o)
                                         0x47 (size before relaxing)
 *fill*         0x00000000402031a7        0x1 
 .text.wpa_callback1
                0x00000000402031a8       0x1b ./build/open_esplibs_libwpa.a(wpa_main.o)
                                         0x23 (size before relaxing)
 *fill*         0x00000000402031c3        0x1 
 .text.sdk_wpa_config_profile
                0x00000000402031c4       0x49 ./build/open_esplibs_libwpa.a(wpa_main.o)
                                         0x58 (size before relaxing)
                0x00000000402031c4                sdk_wpa_config_profile
 *fill*         0x000000004020320d        0x3 
 .text.sdk_wpa_config_bss
                0x0000000040203210       0x2f ./build/open_esplibs_libwpa.a(wpa_main.o)
                                         0x37 (size before relaxing)
                0x0000000040203210                sdk_wpa_config_bss
 *fill*         0x000000004020323f        0x1 
 .text.sdk_eagle_auth_done
                0x0000000040203240       0xfb ./build/open_esplibs_libwpa.a(wpa_main.o)
                                        0x163 (size before relaxing)
                0x0000000040203260                sdk_eagle_auth_done
 *fill*         0x000000004020333b        0x1 
 .text.sdk_wpa_neg_complete
                0x000000004020333c        0xf ./build/open_esplibs_libwpa.a(wpa_main.o)
                                         0x17 (size before relaxing)
                0x000000004020333c                sdk_wpa_neg_complete
 *fill*         0x000000004020334b        0x1 
 .text.sdk_wpa_attach
                0x000000004020334c       0x4f ./build/open_esplibs_libwpa.a(wpa_main.o)
                                         0x5f (size before relaxing)
                0x0000000040203364                sdk_wpa_attach
 *fill*         0x000000004020339b        0x1 
 .text.prvResetNextTaskUnblockTime
                0x000000004020339c       0x39 ./build/freertos.a(tasks.o)
 *fill*         0x00000000402033d5        0x3 
 .text.prvAddCurrentTaskToDelayedList
                0x00000000402033d8       0xa4 ./build/freertos.a(tasks.o)
                                         0xc4 (size before relaxing)
 .text.prvIdleTask
                0x000000004020347c       0x97 ./build/freertos.a(tasks.o)
                                         0xb3 (size before relaxing)
 *fill*         0x0000000040203513        0x1 
 .text.xTaskCreate
                0x0000000040203514      0x23b ./build/freertos.a(tasks.o)
                                        0x2bf (size before relaxing)
                0x000000004020353c                xTaskCreate
 *fill*         0x000000004020374f        0x1 
 .text.vTaskDelete
                0x0000000040203750       0xd1 ./build/freertos.a(tasks.o)
                                        0x121 (size before relaxing)
                0x0000000040203758                vTaskDelete
 *fill*         0x0000000040203821        0x3 
 .text.vTaskStartScheduler
                0x0000000040203824       0xa4 ./build/freertos.a(tasks.o)
                                         0xd7 (size before relaxing)
                0x0000000040203840                vTaskStartScheduler
 *fill*         0x00000000402038c8        0x0 
 .text.vTaskSuspendAll
                0x00000000402038c8       0x11 ./build/freertos.a(tasks.o)
                                         0x15 (size before relaxing)
                0x00000000402038c8                vTaskSuspendAll
 *fill*         0x00000000402038d9        0x3 
 .text.xTaskGetTickCount
                0x00000000402038dc       0x27 ./build/freertos.a(tasks.o)
                                         0x33 (size before relaxing)
                0x00000000402038dc                xTaskGetTickCount
 *fill*         0x0000000040203903        0x1 
 .text.xTaskIncrementTick
                0x0000000040203904      0x194 ./build/freertos.a(tasks.o)
                                        0x1cc (size before relaxing)
                0x0000000040203914                xTaskIncrementTick
 .text.xTaskResumeAll
                0x0000000040203a98      0x105 ./build/freertos.a(tasks.o)
                                        0x15d (size before relaxing)
                0x0000000040203a9c                xTaskResumeAll
 *fill*         0x0000000040203b9d        0x3 
 .text.vTaskDelay
                0x0000000040203ba0       0x50 ./build/freertos.a(tasks.o)
                                         0x74 (size before relaxing)
                0x0000000040203ba0                vTaskDelay
 .text.vTaskSwitchContext
                0x0000000040203bf0       0xea ./build/freertos.a(tasks.o)
                                        0x10a (size before relaxing)
                0x0000000040203bfc                vTaskSwitchContext
 *fill*         0x0000000040203cda        0x2 
 .text.vTaskPlaceOnEventList
                0x0000000040203cdc       0x41 ./build/freertos.a(tasks.o)
                                         0x5d (size before relaxing)
                0x0000000040203ce0                vTaskPlaceOnEventList
 *fill*         0x0000000040203d1d        0x3 
 .text.vTaskPlaceOnEventListRestricted
                0x0000000040203d20       0x4a ./build/freertos.a(tasks.o)
                                         0x66 (size before relaxing)
                0x0000000040203d24                vTaskPlaceOnEventListRestricted
 *fill*         0x0000000040203d6a        0x2 
 .text.xTaskRemoveFromEventList
                0x0000000040203d6c       0x87 ./build/freertos.a(tasks.o)
                                         0xcb (size before relaxing)
                0x0000000040203d70                xTaskRemoveFromEventList
 *fill*         0x0000000040203df3        0x1 
 .text.vTaskInternalSetTimeOutState
                0x0000000040203df4       0x16 ./build/freertos.a(tasks.o)
                                         0x1e (size before relaxing)
                0x0000000040203df4                vTaskInternalSetTimeOutState
 *fill*         0x0000000040203e0a        0x2 
 .text.xTaskCheckForTimeOut
                0x0000000040203e0c       0x91 ./build/freertos.a(tasks.o)
                                         0xb1 (size before relaxing)
                0x0000000040203e14                xTaskCheckForTimeOut
 *fill*         0x0000000040203e9d        0x3 
 .text.vTaskMissedYield
                0x0000000040203ea0        0xc ./build/freertos.a(tasks.o)
                                         0x10 (size before relaxing)
                0x0000000040203ea0                vTaskMissedYield
 .text.uxTaskGetStackHighWaterMark
                0x0000000040203eac       0x2c ./build/freertos.a(tasks.o)
                                         0x30 (size before relaxing)
                0x0000000040203eac                uxTaskGetStackHighWaterMark
 .text.xTaskGetSchedulerState
                0x0000000040203ed8       0x1e ./build/freertos.a(tasks.o)
                                         0x26 (size before relaxing)
                0x0000000040203ed8                xTaskGetSchedulerState
 *fill*         0x0000000040203ef6        0x2 
 .text.xTaskPriorityInherit
                0x0000000040203ef8       0xad ./build/freertos.a(tasks.o)
                                         0xc5 (size before relaxing)
                0x0000000040203ef8                xTaskPriorityInherit
 *fill*         0x0000000040203fa5        0x3 
 .text.xTaskPriorityDisinherit
                0x0000000040203fa8       0x92 ./build/freertos.a(tasks.o)
                                         0xbe (size before relaxing)
                0x0000000040203fb0                xTaskPriorityDisinherit
 *fill*         0x000000004020403a        0x2 
 .text.vTaskPriorityDisinheritAfterTimeout
                0x000000004020403c       0xb3 ./build/freertos.a(tasks.o)
                                         0xd3 (size before relaxing)
                0x0000000040204044                vTaskPriorityDisinheritAfterTimeout
 *fill*         0x00000000402040ef        0x1 
 .text.pvTaskIncrementMutexHeldCount
                0x00000000402040f0       0x1f ./build/freertos.a(tasks.o)
                                         0x23 (size before relaxing)
                0x00000000402040f0                pvTaskIncrementMutexHeldCount
 *fill*         0x000000004020410f        0x1 
 .text.xTaskNotifyWait
                0x0000000040204110       0xdf ./build/freertos.a(tasks.o)
                                         0xff (size before relaxing)
                0x0000000040204110                xTaskNotifyWait
 *fill*         0x00000000402041ef        0x1 
 .text.xTaskGenericNotifyFromISR
                0x00000000402041f0      0x139 ./build/freertos.a(tasks.o)
                                        0x17d (size before relaxing)
                0x00000000402041fc                xTaskGenericNotifyFromISR
 *fill*         0x0000000040204329        0x3 
 .text.prvCheckForValidListAndQueue
                0x000000004020432c       0x69 ./build/freertos.a(timers.o)
                                         0x89 (size before relaxing)
 *fill*         0x0000000040204395        0x3 
 .text.prvInsertTimerInActiveList
                0x0000000040204398       0x45 ./build/freertos.a(timers.o)
                                         0x59 (size before relaxing)
 *fill*         0x00000000402043dd        0x3 
 .text.xTimerCreateTimerTask
                0x00000000402043e0       0x49 ./build/freertos.a(timers.o)
                                         0x61 (size before relaxing)
                0x00000000402043f0                xTimerCreateTimerTask
 *fill*         0x0000000040204429        0x3 
 .text.xTimerCreate
                0x000000004020442c       0x59 ./build/freertos.a(timers.o)
                                         0x75 (size before relaxing)
                0x000000004020442c                xTimerCreate
 *fill*         0x0000000040204485        0x3 
 .text.xTimerGenericCommand
                0x0000000040204488       0x7f ./build/freertos.a(timers.o)
                                         0x9f (size before relaxing)
                0x0000000040204488                xTimerGenericCommand
 *fill*         0x0000000040204507        0x1 
 .text.prvSwitchTimerLists
                0x0000000040204508       0x80 ./build/freertos.a(timers.o)
                                         0xa6 (size before relaxing)
 *fill*         0x0000000040204588        0x0 
 .text.prvTimerTask
                0x0000000040204588      0x1bb ./build/freertos.a(timers.o)
                                        0x253 (size before relaxing)
 *fill*         0x0000000040204743        0x1 
 .text.pvTimerGetTimerID
                0x0000000040204744       0x2d ./build/freertos.a(timers.o)
                                         0x41 (size before relaxing)
                0x0000000040204744                pvTimerGetTimerID
 *fill*         0x0000000040204771        0x3 
 .text.vAssertCalled
                0x0000000040204774       0x22 ./build/freertos.a(port.o)
                                         0x26 (size before relaxing)
                0x000000004020477c                vAssertCalled
 *fill*         0x0000000040204796        0x2 
 .text.pxPortInitialiseStack
                0x0000000040204798       0x37 ./build/freertos.a(port.o)
                0x000000004020479c                pxPortInitialiseStack
 *fill*         0x00000000402047cf        0x1 
 .text.xPortSysTickHandle
                0x00000000402047d0       0x14 ./build/freertos.a(port.o)
                                         0x23 (size before relaxing)
                0x00000000402047d0                xPortSysTickHandle
 *fill*         0x00000000402047e4        0x0 
 .text.xPortStartScheduler
                0x00000000402047e4       0x7e ./build/freertos.a(port.o)
                                         0x8e (size before relaxing)
                0x00000000402047f8                xPortStartScheduler
 *fill*         0x0000000040204862        0x2 
 .text.xPortGetFreeHeapSize
                0x0000000040204864       0x28 ./build/freertos.a(port.o)
                                         0x38 (size before relaxing)
                0x0000000040204864                xPortGetFreeHeapSize
 .text.xTaskGenericCreate
                0x000000004020488c       0x15 ./build/freertos.a(port.o)
                                         0x19 (size before relaxing)
                0x000000004020488c                xTaskGenericCreate
 *fill*         0x00000000402048a1        0x3 
 .text.xQueueGenericReceive
                0x00000000402048a4       0x1e ./build/freertos.a(port.o)
                                         0x2d (size before relaxing)
                0x00000000402048a8                xQueueGenericReceive
 *fill*         0x00000000402048c2        0x2 
 .text.prvCopyDataToQueue
                0x00000000402048c4       0xa7 ./build/freertos.a(queue.o)
                                         0xb3 (size before relaxing)
 *fill*         0x000000004020496b        0x1 
 .text.prvCopyDataFromQueue
                0x000000004020496c       0x2b ./build/freertos.a(queue.o)
                                         0x2f (size before relaxing)
 *fill*         0x0000000040204997        0x1 
 .text.prvUnlockQueue
                0x0000000040204998       0xc4 ./build/freertos.a(queue.o)
                                         0xec (size before relaxing)
 .text.xQueueGenericReset
                0x0000000040204a5c       0x8d ./build/freertos.a(queue.o)
                                         0xb5 (size before relaxing)
                0x0000000040204a60                xQueueGenericReset
 *fill*         0x0000000040204ae9        0x3 
 .text.xQueueGenericCreate
                0x0000000040204aec       0x6c ./build/freertos.a(queue.o)
                                         0x80 (size before relaxing)
                0x0000000040204aec                xQueueGenericCreate
 .text.xQueueGenericSend
                0x0000000040204b58      0x183 ./build/freertos.a(queue.o)
                                        0x21f (size before relaxing)
                0x0000000040204b58                xQueueGenericSend
 *fill*         0x0000000040204cdb        0x1 
 .text.xQueueCreateMutex
                0x0000000040204cdc       0x31 ./build/freertos.a(queue.o)
                                         0x3d (size before relaxing)
                0x0000000040204cdc                xQueueCreateMutex
 *fill*         0x0000000040204d0d        0x3 
 .text.xQueueGenericSendFromISR
                0x0000000040204d10       0xbf ./build/freertos.a(queue.o)
                                         0xf3 (size before relaxing)
                0x0000000040204d10                xQueueGenericSendFromISR
 *fill*         0x0000000040204dcf        0x1 
 .text.xQueueReceive
                0x0000000040204dd0      0x179 ./build/freertos.a(queue.o)
                                        0x215 (size before relaxing)
                0x0000000040204dd0                xQueueReceive
 *fill*         0x0000000040204f49        0x3 
 .text.xQueueSemaphoreTake
                0x0000000040204f4c      0x1d0 ./build/freertos.a(queue.o)
                                        0x288 (size before relaxing)
                0x0000000040204f4c                xQueueSemaphoreTake
 .text.uxQueueMessagesWaiting
                0x000000004020511c       0x30 ./build/freertos.a(queue.o)
                                         0x44 (size before relaxing)
                0x000000004020511c                uxQueueMessagesWaiting
 .text.uxQueueMessagesWaitingFromISR
                0x000000004020514c       0x26 ./build/freertos.a(queue.o)
                                         0x2e (size before relaxing)
                0x000000004020514c                uxQueueMessagesWaitingFromISR
 *fill*         0x0000000040205172        0x2 
 .text.vQueueDelete
                0x0000000040205174       0x29 ./build/freertos.a(queue.o)
                                         0x35 (size before relaxing)
                0x0000000040205174                vQueueDelete
 *fill*         0x000000004020519d        0x3 
 .text.vQueueWaitForMessageRestricted
                0x00000000402051a0       0x6f ./build/freertos.a(queue.o)
                                         0x7f (size before relaxing)
                0x00000000402051a0                vQueueWaitForMessageRestricted
 *fill*         0x000000004020520f        0x1 
 .text.low_level_output
                0x0000000040205210       0x5e ./build/lwip.a(esp_interface.o)
                                         0x7a (size before relaxing)
 *fill*         0x000000004020526e        0x2 
 .text.pp_recycle_rx_pbuf
                0x0000000040205270       0x38 ./build/lwip.a(esp_interface.o)
                                         0x44 (size before relaxing)
                0x0000000040205274                pp_recycle_rx_pbuf
 .text.ooseq_bytes_limit
                0x00000000402052a8        0x9 ./build/lwip.a(esp_interface.o)
                0x00000000402052ac                ooseq_bytes_limit
 *fill*         0x00000000402052b1        0x3 
 .text.ooseq_pbufs_limit
                0x00000000402052b4       0x41 ./build/lwip.a(esp_interface.o)
                                         0x49 (size before relaxing)
                0x00000000402052b4                ooseq_pbufs_limit
 *fill*         0x00000000402052f5        0x3 
 .text.ethernetif_input
                0x00000000402052f8       0x87 ./build/lwip.a(esp_interface.o)
                                         0x9e (size before relaxing)
                0x0000000040205304                ethernetif_input
 *fill*         0x000000004020537f        0x1 
 .text.sdk_pbuf_alloc
                0x0000000040205380       0x33 ./build/lwip.a(esp_interface.o)
                                         0x3b (size before relaxing)
                0x0000000040205380                sdk_pbuf_alloc
 *fill*         0x00000000402053b3        0x1 
 .text.ethernetif_init
                0x00000000402053b4       0x34 ./build/lwip.a(esp_interface.o)
                0x00000000402053bc                ethernetif_init
 .text.tcpip_thread
                0x00000000402053e8       0x8f ./build/lwip.a(tcpip.o)
                                         0xbb (size before relaxing)
 *fill*         0x0000000040205477        0x1 
 .text.tcpip_inpkt
                0x0000000040205478       0x5b ./build/lwip.a(tcpip.o)
                                         0x77 (size before relaxing)
                0x0000000040205478                tcpip_inpkt
 *fill*         0x00000000402054d3        0x1 
 .text.tcpip_input
                0x00000000402054d4       0x34 ./build/lwip.a(tcpip.o)
                                         0x43 (size before relaxing)
                0x00000000402054dc                tcpip_input
 *fill*         0x0000000040205508        0x0 
 .text.tcpip_try_callback
                0x0000000040205508       0x4e ./build/lwip.a(tcpip.o)
                                         0x6a (size before relaxing)
                0x0000000040205508                tcpip_try_callback
 *fill*         0x0000000040205556        0x2 
 .text.tcpip_send_msg_wait_sem
                0x0000000040205558       0x30 ./build/lwip.a(tcpip.o)
                                         0x44 (size before relaxing)
                0x0000000040205558                tcpip_send_msg_wait_sem
 .text.tcpip_init
                0x0000000040205588       0x4c ./build/lwip.a(tcpip.o)
                                         0x78 (size before relaxing)
                0x0000000040205590                tcpip_init
 .text.mem_malloc
                0x00000000402055d4       0x25 ./build/lwip.a(mem.o)
                                         0x35 (size before relaxing)
                0x00000000402055d4                mem_malloc
 *fill*         0x00000000402055f9        0x3 
 .text.mem_free
                0x00000000402055fc       0x13 ./build/lwip.a(mem.o)
                                         0x17 (size before relaxing)
                0x00000000402055fc                mem_free
 *fill*         0x000000004020560f        0x1 
 .text.lwip_init
                0x0000000040205610       0x27 ./build/lwip.a(init.o)
                                         0x67 (size before relaxing)
                0x0000000040205610                lwip_init
 *fill*         0x0000000040205637        0x1 
 .text.do_memp_malloc_pool
                0x0000000040205638       0x29 ./build/lwip.a(memp.o)
                                         0x3d (size before relaxing)
 *fill*         0x0000000040205661        0x3 
 .text.memp_malloc
                0x0000000040205664       0x1b ./build/lwip.a(memp.o)
                                         0x23 (size before relaxing)
                0x0000000040205668                memp_malloc
 *fill*         0x000000004020567f        0x1 
 .text.memp_free
                0x0000000040205680       0x21 ./build/lwip.a(memp.o)
                                         0x35 (size before relaxing)
                0x0000000040205680                memp_free
 *fill*         0x00000000402056a1        0x3 
 .text.tcp_new_port
                0x00000000402056a4       0x64 ./build/lwip.a(tcp.o)
 .text.tcp_close_shutdown_fin
                0x0000000040205708       0x86 ./build/lwip.a(tcp.o)
                                         0xa2 (size before relaxing)
 *fill*         0x000000004020578e        0x2 
 .text.tcp_init
                0x0000000040205790       0x23 ./build/lwip.a(tcp.o)
                                         0x27 (size before relaxing)
                0x0000000040205794                tcp_init
 *fill*         0x00000000402057b3        0x1 
 .text.tcp_backlog_accepted
                0x00000000402057b4       0x15 ./build/lwip.a(tcp.o)
                                         0x1c (size before relaxing)
                0x00000000402057b4                tcp_backlog_accepted
 *fill*         0x00000000402057c9        0x3 
 .text.tcp_bind
                0x00000000402057cc       0xaa ./build/lwip.a(tcp.o)
                                         0xb6 (size before relaxing)
                0x00000000402057d4                tcp_bind
 *fill*         0x0000000040205876        0x2 
 .text.tcp_update_rcv_ann_wnd
                0x0000000040205878       0x46 ./build/lwip.a(tcp.o)
                0x000000004020587c                tcp_update_rcv_ann_wnd
 *fill*         0x00000000402058be        0x2 
 .text.tcp_recved
                0x00000000402058c0       0x67 ./build/lwip.a(tcp.o)
                                         0x73 (size before relaxing)
                0x00000000402058c4                tcp_recved
 *fill*         0x0000000040205927        0x1 
 .text.tcp_seg_free
                0x0000000040205928       0x26 ./build/lwip.a(tcp.o)
                                         0x31 (size before relaxing)
                0x0000000040205928                tcp_seg_free
 *fill*         0x000000004020594e        0x2 
 .text.tcp_segs_free
                0x0000000040205950       0x21 ./build/lwip.a(tcp.o)
                                         0x25 (size before relaxing)
                0x0000000040205950                tcp_segs_free
 *fill*         0x0000000040205971        0x3 
 .text.tcp_seg_copy
                0x0000000040205974       0x33 ./build/lwip.a(tcp.o)
                                         0x43 (size before relaxing)
                0x0000000040205974                tcp_seg_copy
 *fill*         0x00000000402059a7        0x1 
 .text.tcp_next_iss
                0x00000000402059a8       0x18 ./build/lwip.a(tcp.o)
                0x00000000402059b0                tcp_next_iss
 .text.tcp_free_ooseq
                0x00000000402059c0       0x3b ./build/lwip.a(tcp.o)
                                         0x43 (size before relaxing)
                0x00000000402059c0                tcp_free_ooseq
 *fill*         0x00000000402059fb        0x1 
 .text.tcp_pcb_purge
                0x00000000402059fc       0x85 ./build/lwip.a(tcp.o)
                                         0x9d (size before relaxing)
                0x00000000402059fc                tcp_pcb_purge
 *fill*         0x0000000040205a81        0x3 
 .text.tcp_pcb_remove
                0x0000000040205a84       0x6c ./build/lwip.a(tcp.o)
                                         0x78 (size before relaxing)
                0x0000000040205a84                tcp_pcb_remove
 .text.tcp_abandon
                0x0000000040205af0      0x137 ./build/lwip.a(tcp.o)
                                        0x16b (size before relaxing)
                0x0000000040205afc                tcp_abandon
 *fill*         0x0000000040205c27        0x1 
 .text.tcp_abort
                0x0000000040205c28       0x14 ./build/lwip.a(tcp.o)
                                         0x18 (size before relaxing)
                0x0000000040205c28                tcp_abort
 .text.tcp_kill_timewait
                0x0000000040205c3c       0x42 ./build/lwip.a(tcp.o)
                                         0x4e (size before relaxing)
 *fill*         0x0000000040205c7e        0x2 
 .text.tcp_netif_ip_addr_changed_pcblist
                0x0000000040205c80       0x35 ./build/lwip.a(tcp.o)
                                         0x39 (size before relaxing)
 *fill*         0x0000000040205cb5        0x3 
 .text.tcp_netif_ip_addr_changed
                0x0000000040205cb8       0x5b ./build/lwip.a(tcp.o)
                                         0x6f (size before relaxing)
                0x0000000040205cbc                tcp_netif_ip_addr_changed
 *fill*         0x0000000040205d13        0x1 
 .text.tcp_kill_state
                0x0000000040205d14       0x3c ./build/lwip.a(tcp.o)
                                         0x48 (size before relaxing)
 .text.tcp_alloc
                0x0000000040205d50      0x125 ./build/lwip.a(tcp.o)
                                        0x185 (size before relaxing)
                0x0000000040205d64                tcp_alloc
 *fill*         0x0000000040205e75        0x3 
 .text.tcp_new_ip_type
                0x0000000040205e78       0x14 ./build/lwip.a(tcp.o)